============================= test session starts =============================
platform win32 -- Python 3.12.10, pytest-9.0.2, pluggy-1.6.0
rootdir: C:\Users\guilherme.batista\OneDrive - ENESA Engenharia S.A\┴rea de Trabalho\ASOgui2
configfile: pytest.ini
plugins: mock-3.15.1
collected 4 items

tests\test_gdrive.py ....                                                [100%]

============================== 4 passed in 0.53s ==============================
